gc 1 @0.003s 3%: 0.12+0.52+0.059 ms clock, 2.9+0.097/1.0/0.040+1.4 ms cpu, 3->5->1 MB, 4 MB goal, 0 MB stacks, 0 MB globals, 24 P
gc 2 @0.004s 5%: 0.063+0.37+0.094 ms clock, 1.5+0.15/0.82/0.037+2.2 ms cpu, 3->4->1 MB, 4 MB goal, 0 MB stacks, 0 MB globals, 24 P
gc 3 @0.005s 7%: 0.12+0.33+0.065 ms clock, 3.0+0.11/0.75/0.17+1.5 ms cpu, 3->3->1 MB, 4 MB goal, 0 MB stacks, 0 MB globals, 24 P
gc 4 @0.007s 6%: 0.027+0.23+0.010 ms clock, 0.65+0.013/0.73/0.11+0.26 ms cpu, 3->3->1 MB, 4 MB goal, 0 MB stacks, 0 MB globals, 24 P
gc 5 @0.008s 7%: 0.026+0.21+0.098 ms clock, 0.63+0.031/0.83/0.076+2.3 ms cpu, 3->3->1 MB, 4 MB goal, 0 MB stacks, 0 MB globals, 24 P
gc 6 @0.009s 7%: 0.072+0.53+0.055 ms clock, 1.7+0.49/1.0/0+1.3 ms cpu, 3->4->1 MB, 4 MB goal, 0 MB stacks, 0 MB globals, 24 P
gc 7 @0.010s 8%: 0.10+0.28+0.025 ms clock, 2.6+0.090/1.1/0.063+0.62 ms cpu, 3->3->1 MB, 4 MB goal, 0 MB stacks, 0 MB globals, 24 P
gc 8 @0.011s 9%: 0.13+0.43+0.037 ms clock, 3.2+0.27/1.3/0.20+0.89 ms cpu, 3->4->2 MB, 4 MB goal, 0 MB stacks, 0 MB globals, 24 P
gc 9 @0.012s 8%: 0.024+0.44+0.009 ms clock, 0.58+0.043/1.3/0.28+0.22 ms cpu, 4->4->2 MB, 5 MB goal, 0 MB stacks, 0 MB globals, 24 P
gc 10 @0.018s 6%: 0.076+0.43+0.012 ms clock, 1.8+0.61/1.5/0+0.31 ms cpu, 4->5->3 MB, 5 MB goal, 0 MB stacks, 0 MB globals, 24 P
gc 11 @0.020s 6%: 0.047+0.40+0.008 ms clock, 1.1+0.31/1.4/0.14+0.19 ms cpu, 6->7->3 MB, 7 MB goal, 0 MB stacks, 0 MB globals, 24 P
gc 12 @0.022s 6%: 0.037+0.41+0.021 ms clock, 0.91+0.10/1.6/0.37+0.52 ms cpu, 6->7->3 MB, 7 MB goal, 0 MB stacks, 0 MB globals, 24 P
gc 13 @0.023s 6%: 0.031+0.43+0.006 ms clock, 0.75+0/1.7/0.42+0.15 ms cpu, 5->6->2 MB, 6 MB goal, 0 MB stacks, 0 MB globals, 24 P
gc 14 @0.025s 6%: 0.030+0.35+0.005 ms clock, 0.72+0.015/1.3/0.80+0.13 ms cpu, 5->5->3 MB, 6 MB goal, 0 MB stacks, 0 MB globals, 24 P
gc 15 @0.027s 6%: 0.041+0.57+0.064 ms clock, 0.98+0.069/1.5/0.39+1.5 ms cpu, 5->6->3 MB, 6 MB goal, 0 MB stacks, 0 MB globals, 24 P
gc 16 @0.028s 6%: 0.084+0.45+0.019 ms clock, 2.0+0.33/1.6/0+0.45 ms cpu, 5->6->3 MB, 6 MB goal, 0 MB stacks, 0 MB globals, 24 P
gc 17 @0.029s 7%: 0.052+0.55+0.070 ms clock, 1.2+0.14/1.9/0.019+1.7 ms cpu, 6->7->3 MB, 7 MB goal, 0 MB stacks, 0 MB globals, 24 P
gc 18 @0.031s 7%: 0.029+0.35+0.013 ms clock, 0.69+0.30/1.6/1.3+0.32 ms cpu, 6->7->3 MB, 8 MB goal, 0 MB stacks, 0 MB globals, 24 P
gc 19 @0.032s 7%: 0.026+0.51+0.008 ms clock, 0.63+0.051/1.8/0.14+0.20 ms cpu, 5->5->3 MB, 6 MB goal, 0 MB stacks, 0 MB globals, 24 P
gc 20 @0.034s 6%: 0.027+0.32+0.007 ms clock, 0.65+0.017/1.4/1.1+0.16 ms cpu, 5->5->2 MB, 6 MB goal, 0 MB stacks, 0 MB globals, 24 P
# gocache/bench/gctrace
gc 1 @0.004s 1%: 0.17+0.37+0.025 ms clock, 4.3+0/0.82/0.028+0.61 ms cpu, 3->4->3 MB, 4 MB goal, 0 MB stacks, 0 MB globals, 24 P
gc 2 @0.010s 1%: 0.024+0.35+0.013 ms clock, 0.59+0/1.1/0.28+0.32 ms cpu, 6->7->6 MB, 7 MB goal, 0 MB stacks, 0 MB globals, 24 P
gc 3 @0.024s 0%: 0.037+0.37+0.020 ms clock, 0.90+0.048/1.2/0.40+0.49 ms cpu, 12->13->11 MB, 13 MB goal, 0 MB stacks, 0 MB globals, 24 P
gc 4 @0.121s 0%: 0.039+0.46+0.014 ms clock, 0.95+0.021/1.5/0.26+0.34 ms cpu, 23->23->12 MB, 23 MB goal, 0 MB stacks, 0 MB globals, 24 P
gc 1 @0.000s 5%: 0.19+0.13+0.005 ms clock, 4.6+0/0.33/0.016+0.13 ms cpu, 2->2->2 MB, 4 MB goal, 0 MB stacks, 0 MB globals, 24 P (forced)
gc 2 @0.004s 2%: 0.024+0.38+0.015 ms clock, 0.59+0/0.80/0.33+0.38 ms cpu, 4->4->3 MB, 4 MB goal, 0 MB stacks, 0 MB globals, 24 P
gc 3 @0.010s 2%: 0.023+0.65+0.013 ms clock, 0.55+0.038/2.3/0.74+0.32 ms cpu, 7->8->7 MB, 8 MB goal, 0 MB stacks, 0 MB globals, 24 P
gc 4 @0.018s 2%: 0.027+0.73+0.031 ms clock, 0.66+0.023/3.4/2.1+0.76 ms cpu, 13->14->12 MB, 14 MB goal, 0 MB stacks, 0 MB globals, 24 P
gc 5 @0.038s 1%: 0.053+1.2+0.018 ms clock, 1.2+0.33/5.7/7.7+0.44 ms cpu, 24->25->22 MB, 25 MB goal, 0 MB stacks, 0 MB globals, 24 P
gc 6 @0.073s 1%: 0.039+1.7+0.016 ms clock, 0.95+0/8.4/12+0.39 ms cpu, 42->43->38 MB, 44 MB goal, 0 MB stacks, 0 MB globals, 24 P
gc 7 @0.149s 1%: 0.038+2.9+0.033 ms clock, 0.92+0/15/29+0.79 ms cpu, 73->74->67 MB, 76 MB goal, 0 MB stacks, 0 MB globals, 24 P
gc 8 @0.260s 1%: 0.037+6.2+0.017 ms clock, 0.89+0/34/35+0.40 ms cpu, 129->130->121 MB, 135 MB goal, 0 MB stacks, 0 MB globals, 24 P
gc 9 @0.461s 1%: 0.033+10+0.037 ms clock, 0.80+0.042/63/169+0.90 ms cpu, 232->233->210 MB, 243 MB goal, 0 MB stacks, 0 MB globals, 24 P
gc 10 @0.715s 1%: 0.047+16+0.007 ms clock, 1.1+0/94/244+0.17 ms cpu, 353->353->310 MB, 420 MB goal, 0 MB stacks, 0 MB globals, 24 P (forced)
gc 11 @1.238s 1%: 0.038+17+0.006 ms clock, 0.92+0/94/258+0.15 ms cpu, 310->310->310 MB, 620 MB goal, 0 MB stacks, 0 MB globals, 24 P (forced)
