gc 1 @0.003s 3%: 0.095+0.42+0.056 ms clock, 2.2+0.31/1.1/0.11+1.3 ms cpu, 3->5->1 MB, 4 MB goal, 0 MB stacks, 0 MB globals, 24 P
gc 2 @0.004s 5%: 0.070+0.44+0.10 ms clock, 1.7+0.19/0.88/0.005+2.4 ms cpu, 3->4->1 MB, 4 MB goal, 0 MB stacks, 0 MB globals, 24 P
gc 3 @0.005s 7%: 0.093+0.39+0.081 ms clock, 2.2+0.29/1.0/0+1.9 ms cpu, 3->4->1 MB, 4 MB goal, 0 MB stacks, 0 MB globals, 24 P
gc 4 @0.006s 6%: 0.037+0.33+0.026 ms clock, 0.90+0.033/0.78/0.054+0.64 ms cpu, 3->3->1 MB, 4 MB goal, 0 MB stacks, 0 MB globals, 24 P
gc 5 @0.008s 6%: 0.028+0.31+0.015 ms clock, 0.68+0.028/0.78/0.083+0.36 ms cpu, 3->3->1 MB, 4 MB goal, 0 MB stacks, 0 MB globals, 24 P
gc 6 @0.009s 7%: 0.11+0.74+0.044 ms clock, 2.7+0.57/1.3/0.003+1.0 ms cpu, 3->5->2 MB, 4 MB goal, 0 MB stacks, 0 MB globals, 24 P
gc 7 @0.010s 8%: 0.095+0.48+0.093 ms clock, 2.2+0.20/1.4/0.039+2.2 ms cpu, 3->4->2 MB, 4 MB goal, 0 MB stacks, 0 MB globals, 24 P
gc 8 @0.012s 7%: 0.026+0.41+0.013 ms clock, 0.64+0/1.3/0.35+0.31 ms cpu, 4->4->2 MB, 4 MB goal, 0 MB stacks, 0 MB globals, 24 P
gc 9 @0.016s 6%: 0.12+0.54+0.030 ms clock, 2.9+0.28/1.6/0.12+0.73 ms cpu, 4->5->3 MB, 5 MB goal, 0 MB stacks, 0 MB globals, 24 P
gc 10 @0.018s 7%: 0.085+0.44+0.008 ms clock, 2.0+0.40/1.5/0.017+0.20 ms cpu, 6->7->3 MB, 7 MB goal, 0 MB stacks, 0 MB globals, 24 P
gc 11 @0.019s 7%: 0.036+0.36+0.013 ms clock, 0.88+0.13/1.3/0.80+0.32 ms cpu, 6->7->3 MB, 7 MB goal, 0 MB stacks, 0 MB globals, 24 P
gc 12 @0.021s 6%: 0.020+0.33+0.006 ms clock, 0.50+0.013/1.2/0.68+0.14 ms cpu, 5->5->2 MB, 6 MB goal, 0 MB stacks, 0 MB globals, 24 P
gc 13 @0.023s 6%: 0.028+0.34+0.008 ms clock, 0.67+0.011/1.3/0.32+0.19 ms cpu, 5->5->2 MB, 5 MB goal, 0 MB stacks, 0 MB globals, 24 P
gc 14 @0.024s 6%: 0.032+0.33+0.019 ms clock, 0.78+0.12/1.3/0.43+0.46 ms cpu, 5->6->3 MB, 5 MB goal, 0 MB stacks, 0 MB globals, 24 P
gc 15 @0.025s 7%: 0.18+0.36+0.007 ms clock, 4.3+0.42/1.5/0.066+0.18 ms cpu, 5->7->3 MB, 6 MB goal, 0 MB stacks, 0 MB globals, 24 P
gc 16 @0.026s 7%: 0.025+0.46+0.012 ms clock, 0.60+0.053/1.4/0.035+0.29 ms cpu, 6->7->4 MB, 7 MB goal, 0 MB stacks, 0 MB globals, 24 P
gc 17 @0.027s 7%: 0.043+0.34+0.028 ms clock, 1.0+0.014/1.2/0.43+0.68 ms cpu, 7->7->3 MB, 8 MB goal, 0 MB stacks, 0 MB globals, 24 P
gc 18 @0.028s 7%: 0.019+0.36+0.010 ms clock, 0.47+0.016/1.4/0.62+0.25 ms cpu, 5->5->2 MB, 6 MB goal, 0 MB stacks, 0 MB globals, 24 P
gc 19 @0.030s 7%: 0.016+0.39+0.006 ms clock, 0.39+0.034/1.3/0.87+0.14 ms cpu, 5->5->2 MB, 5 MB goal, 0 MB stacks, 0 MB globals, 24 P
# gocache/bench/gctrace
gc 1 @0.001s 3%: 0.16+0.22+0.020 ms clock, 3.8+0/0.66/0.041+0.49 ms cpu, 3->4->3 MB, 4 MB goal, 0 MB stacks, 0 MB globals, 24 P
gc 2 @0.004s 2%: 0.014+0.23+0.006 ms clock, 0.35+0.019/0.66/0.089+0.15 ms cpu, 6->7->6 MB, 7 MB goal, 0 MB stacks, 0 MB globals, 24 P
gc 3 @0.008s 2%: 0.023+0.25+0.015 ms clock, 0.56+0/0.76/0.19+0.37 ms cpu, 12->13->11 MB, 13 MB goal, 0 MB stacks, 0 MB globals, 24 P
gc 4 @0.056s 0%: 0.031+0.35+0.012 ms clock, 0.76+0/1.2/0.47+0.28 ms cpu, 23->23->12 MB, 23 MB goal, 0 MB stacks, 0 MB globals, 24 P
gc 1 @0.000s 6%: 0.18+0.12+0.006 ms clock, 4.3+0/0.26/0.029+0.15 ms cpu, 2->2->2 MB, 4 MB goal, 0 MB stacks, 0 MB globals, 24 P (forced)
gc 2 @0.003s 3%: 0.019+0.35+0.014 ms clock, 0.46+0/1.1/0.11+0.35 ms cpu, 4->4->3 MB, 4 MB goal, 0 MB stacks, 0 MB globals, 24 P
gc 3 @0.008s 2%: 0.021+0.64+0.018 ms clock, 0.51+0.024/2.1/0.54+0.44 ms cpu, 7->8->6 MB, 8 MB goal, 0 MB stacks, 0 MB globals, 24 P
gc 4 @0.015s 2%: 0.025+0.62+0.010 ms clock, 0.61+0.030/2.6/1.9+0.24 ms cpu, 13->13->12 MB, 14 MB goal, 0 MB stacks, 0 MB globals, 24 P
gc 5 @0.031s 1%: 0.028+1.0+0.013 ms clock, 0.68+0.58/4.7/6.8+0.32 ms cpu, 24->25->22 MB, 24 MB goal, 0 MB stacks, 0 MB globals, 24 P
gc 6 @0.060s 1%: 0.028+1.9+0.015 ms clock, 0.67+0/8.8/14+0.36 ms cpu, 42->43->38 MB, 44 MB goal, 0 MB stacks, 0 MB globals, 24 P
gc 7 @0.113s 1%: 0.028+3.5+0.015 ms clock, 0.68+0/19/35+0.37 ms cpu, 72->74->67 MB, 76 MB goal, 0 MB stacks, 0 MB globals, 24 P
gc 8 @0.219s 1%: 0.025+5.7+0.016 ms clock, 0.61+0.037/32/82+0.38 ms cpu, 128->130->121 MB, 135 MB goal, 0 MB stacks, 0 MB globals, 24 P
gc 9 @0.398s 1%: 0.027+8.6+0.009 ms clock, 0.66+0.056/50/122+0.23 ms cpu, 230->232->208 MB, 243 MB goal, 0 MB stacks, 0 MB globals, 24 P
gc 10 @0.618s 1%: 0.028+15+0.008 ms clock, 0.67+0/86/230+0.20 ms cpu, 353->353->309 MB, 417 MB goal, 0 MB stacks, 0 MB globals, 24 P (forced)
gc 11 @1.139s 1%: 0.034+14+0.007 ms clock, 0.83+0/82/239+0.17 ms cpu, 309->309->309 MB, 620 MB goal, 0 MB stacks, 0 MB globals, 24 P (forced)
