gc 1 @0.003s 3%: 0.080+0.51+0.046 ms clock, 1.9+0.18/1.0/0.090+1.1 ms cpu, 3->4->1 MB, 4 MB goal, 0 MB stacks, 0 MB globals, 24 P
gc 2 @0.005s 5%: 0.12+0.57+0.12 ms clock, 2.9+0.29/1.0/0+2.9 ms cpu, 3->4->1 MB, 4 MB goal, 0 MB stacks, 0 MB globals, 24 P
gc 3 @0.006s 6%: 0.057+0.33+0.044 ms clock, 1.3+0.14/1.0/0.020+1.0 ms cpu, 3->4->1 MB, 4 MB goal, 0 MB stacks, 0 MB globals, 24 P
gc 4 @0.007s 6%: 0.041+0.27+0.016 ms clock, 0.98+0.050/0.96/0.053+0.39 ms cpu, 3->3->1 MB, 4 MB goal, 0 MB stacks, 0 MB globals, 24 P
gc 5 @0.009s 6%: 0.053+0.37+0.008 ms clock, 1.2+0.15/1.0/0.041+0.21 ms cpu, 3->3->1 MB, 4 MB goal, 0 MB stacks, 0 MB globals, 24 P
gc 6 @0.010s 6%: 0.086+0.59+0.073 ms clock, 2.0+0.69/1.2/0+1.7 ms cpu, 3->5->2 MB, 4 MB goal, 0 MB stacks, 0 MB globals, 24 P
gc 7 @0.011s 7%: 0.10+0.54+0.038 ms clock, 2.4+0.29/1.5/0.017+0.91 ms cpu, 3->4->2 MB, 4 MB goal, 0 MB stacks, 0 MB globals, 24 P
gc 8 @0.012s 7%: 0.086+0.44+0.017 ms clock, 2.0+0.23/1.3/0.26+0.40 ms cpu, 3->4->2 MB, 4 MB goal, 0 MB stacks, 0 MB globals, 24 P
gc 9 @0.018s 6%: 0.062+0.54+0.006 ms clock, 1.5+0.18/1.8/0.002+0.16 ms cpu, 4->5->3 MB, 5 MB goal, 0 MB stacks, 0 MB globals, 24 P
gc 10 @0.020s 6%: 0.085+0.49+0.070 ms clock, 2.0+0.43/1.7/0.077+1.6 ms cpu, 5->7->3 MB, 6 MB goal, 0 MB stacks, 0 MB globals, 24 P
gc 11 @0.021s 7%: 0.050+0.71+0.062 ms clock, 1.2+0.13/1.6/0.19+1.5 ms cpu, 6->8->3 MB, 8 MB goal, 0 MB stacks, 0 MB globals, 24 P
gc 12 @0.024s 6%: 0.030+0.47+0.013 ms clock, 0.73+0.014/1.7/0.47+0.33 ms cpu, 6->7->2 MB, 8 MB goal, 0 MB stacks, 0 MB globals, 24 P
gc 13 @0.026s 6%: 0.019+0.58+0.005 ms clock, 0.46+0.048/1.8/0.60+0.12 ms cpu, 5->6->3 MB, 6 MB goal, 0 MB stacks, 0 MB globals, 24 P
gc 14 @0.027s 6%: 0.14+0.50+0.007 ms clock, 3.4+0.63/1.5/0.11+0.17 ms cpu, 5->7->3 MB, 7 MB goal, 0 MB stacks, 0 MB globals, 24 P
gc 15 @0.029s 6%: 0.021+0.35+0.022 ms clock, 0.51+0.060/1.2/0.54+0.53 ms cpu, 6->7->3 MB, 7 MB goal, 0 MB stacks, 0 MB globals, 24 P
gc 16 @0.029s 7%: 0.065+0.52+0.020 ms clock, 1.5+0.049/1.4/0.43+0.48 ms cpu, 5->7->3 MB, 7 MB goal, 0 MB stacks, 0 MB globals, 24 P
gc 17 @0.031s 7%: 0.043+0.42+0.023 ms clock, 1.0+0.081/1.3/0.23+0.55 ms cpu, 6->7->3 MB, 7 MB goal, 0 MB stacks, 0 MB globals, 24 P
gc 18 @0.032s 7%: 0.016+0.33+0.011 ms clock, 0.40+0.020/1.4/0.35+0.26 ms cpu, 6->6->2 MB, 7 MB goal, 0 MB stacks, 0 MB globals, 24 P
# gocache/bench/gctrace
gc 1 @0.001s 3%: 0.16+0.22+0.020 ms clock, 3.8+0/0.66/0.041+0.49 ms cpu, 3->4->3 MB, 4 MB goal, 0 MB stacks, 0 MB globals, 24 P
gc 2 @0.004s 2%: 0.014+0.23+0.006 ms clock, 0.35+0.019/0.66/0.089+0.15 ms cpu, 6->7->6 MB, 7 MB goal, 0 MB stacks, 0 MB globals, 24 P
gc 3 @0.008s 2%: 0.023+0.25+0.015 ms clock, 0.56+0/0.76/0.19+0.37 ms cpu, 12->13->11 MB, 13 MB goal, 0 MB stacks, 0 MB globals, 24 P
gc 4 @0.056s 0%: 0.031+0.35+0.012 ms clock, 0.76+0/1.2/0.47+0.28 ms cpu, 23->23->12 MB, 23 MB goal, 0 MB stacks, 0 MB globals, 24 P
gc 1 @0.000s 4%: 0.16+0.11+0.006 ms clock, 4.0+0/0.28/0.040+0.16 ms cpu, 2->2->2 MB, 4 MB goal, 0 MB stacks, 0 MB globals, 24 P (forced)
gc 2 @0.005s 2%: 0.017+0.34+0.013 ms clock, 0.40+0.019/1.3/0+0.32 ms cpu, 4->4->3 MB, 4 MB goal, 0 MB stacks, 0 MB globals, 24 P
gc 3 @0.008s 2%: 0.023+0.38+0.005 ms clock, 0.55+0.023/1.6/0.38+0.14 ms cpu, 6->6->5 MB, 6 MB goal, 0 MB stacks, 0 MB globals, 24 P
gc 4 @0.018s 1%: 0.024+0.74+0.013 ms clock, 0.57+0.041/3.3/1.3+0.32 ms cpu, 11->11->9 MB, 11 MB goal, 0 MB stacks, 0 MB globals, 24 P
gc 5 @0.036s 1%: 0.026+0.84+0.019 ms clock, 0.64+0/4.2/4.3+0.46 ms cpu, 18->19->15 MB, 19 MB goal, 0 MB stacks, 0 MB globals, 24 P
gc 6 @0.066s 1%: 0.029+1.2+0.011 ms clock, 0.71+0.33/6.5/10+0.26 ms cpu, 30->31->26 MB, 30 MB goal, 0 MB stacks, 0 MB globals, 24 P
gc 7 @0.131s 0%: 0.024+1.9+0.015 ms clock, 0.58+0/10/13+0.37 ms cpu, 50->50->42 MB, 52 MB goal, 0 MB stacks, 0 MB globals, 24 P
gc 8 @0.203s 1%: 0.026+4.5+0.011 ms clock, 0.63+0.036/25/11+0.28 ms cpu, 82->83->67 MB, 85 MB goal, 0 MB stacks, 0 MB globals, 24 P
gc 9 @0.324s 1%: 0.028+5.2+0.023 ms clock, 0.69+0/29/31+0.55 ms cpu, 127->129->105 MB, 134 MB goal, 0 MB stacks, 0 MB globals, 24 P
gc 10 @0.594s 0%: 0.025+8.2+0.014 ms clock, 0.61+0/40/25+0.34 ms cpu, 200->202->173 MB, 211 MB goal, 0 MB stacks, 0 MB globals, 24 P
gc 11 @0.766s 1%: 0.025+11+0.007 ms clock, 0.61+0/59/73+0.17 ms cpu, 280->280->230 MB, 347 MB goal, 0 MB stacks, 0 MB globals, 24 P (forced)
gc 12 @1.279s 0%: 0.026+11+0.006 ms clock, 0.62+0/57/90+0.16 ms cpu, 230->230->230 MB, 461 MB goal, 0 MB stacks, 0 MB globals, 24 P (forced)
