gc 1 @0.026s 0%: 0.21+0.52+0.044 ms clock, 5.0+1.2/1.1/0+1.0 ms cpu, 3->4->1 MB, 4 MB goal, 0 MB stacks, 0 MB globals, 24 P
gc 2 @0.028s 1%: 0.14+0.64+0.19 ms clock, 3.5+0.49/0.85/0.003+4.7 ms cpu, 3->5->1 MB, 4 MB goal, 0 MB stacks, 0 MB globals, 24 P
gc 3 @0.029s 2%: 0.15+0.61+0.069 ms clock, 3.6+0.28/0.78/0.035+1.6 ms cpu, 3->4->1 MB, 4 MB goal, 0 MB stacks, 0 MB globals, 24 P
gc 4 @0.031s 2%: 0.11+0.67+0.062 ms clock, 2.6+0.27/0.94/0+1.4 ms cpu, 3->4->1 MB, 4 MB goal, 0 MB stacks, 0 MB globals, 24 P
gc 5 @0.032s 3%: 0.085+0.44+0.048 ms clock, 2.0+0.10/0.88/0.16+1.1 ms cpu, 3->3->1 MB, 4 MB goal, 0 MB stacks, 0 MB globals, 24 P
gc 6 @0.036s 3%: 0.10+0.87+0.076 ms clock, 2.5+0.18/1.1/0.013+1.8 ms cpu, 3->4->1 MB, 4 MB goal, 0 MB stacks, 0 MB globals, 24 P
gc 7 @0.038s 3%: 0.12+0.48+0.074 ms clock, 3.0+0.42/1.3/0+1.7 ms cpu, 3->4->1 MB, 4 MB goal, 0 MB stacks, 0 MB globals, 24 P
gc 8 @0.039s 3%: 0.10+0.46+0.067 ms clock, 2.4+0.47/1.2/0.23+1.6 ms cpu, 3->4->2 MB, 4 MB goal, 0 MB stacks, 0 MB globals, 24 P
gc 9 @0.040s 4%: 0.10+0.48+0.047 ms clock, 2.5+0.28/1.3/0.28+1.1 ms cpu, 3->4->2 MB, 4 MB goal, 0 MB stacks, 0 MB globals, 24 P
gc 10 @0.043s 4%: 0.035+0.70+0.008 ms clock, 0.84+0.16/2.1/0.49+0.19 ms cpu, 4->4->2 MB, 5 MB goal, 0 MB stacks, 0 MB globals, 24 P
gc 11 @0.062s 3%: 0.10+0.96+0.008 ms clock, 2.6+0.58/2.5/0.081+0.21 ms cpu, 4->6->3 MB, 5 MB goal, 0 MB stacks, 0 MB globals, 24 P
gc 12 @0.065s 3%: 0.022+0.33+0.006 ms clock, 0.53+0.068/1.4/1.0+0.14 ms cpu, 5->5->2 MB, 6 MB goal, 0 MB stacks, 0 MB globals, 24 P
gc 13 @0.071s 3%: 0.066+0.60+0.016 ms clock, 1.6+0.34/1.9/0.86+0.39 ms cpu, 4->5->3 MB, 5 MB goal, 0 MB stacks, 0 MB globals, 24 P
gc 14 @0.074s 3%: 0.031+0.59+0.006 ms clock, 0.74+0.12/1.9/0.84+0.15 ms cpu, 5->5->2 MB, 6 MB goal, 0 MB stacks, 0 MB globals, 24 P
gc 15 @0.078s 3%: 0.038+0.34+0.015 ms clock, 0.92+0/1.5/1.2+0.37 ms cpu, 5->5->2 MB, 5 MB goal, 0 MB stacks, 0 MB globals, 24 P
gc 16 @0.086s 2%: 0.021+0.54+0.005 ms clock, 0.52+0/1.8/0.87+0.12 ms cpu, 4->4->2 MB, 5 MB goal, 0 MB stacks, 0 MB globals, 24 P
gc 17 @0.094s 2%: 0.025+0.70+0.005 ms clock, 0.61+0/1.3/0.77+0.12 ms cpu, 4->4->2 MB, 5 MB goal, 0 MB stacks, 0 MB globals, 24 P
gc 18 @0.100s 2%: 0.016+0.33+0.020 ms clock, 0.38+0/1.2/0.48+0.50 ms cpu, 4->5->2 MB, 5 MB goal, 0 MB stacks, 0 MB globals, 24 P
gc 19 @0.102s 2%: 0.094+0.51+0.020 ms clock, 2.2+0.074/1.3/0.29+0.48 ms cpu, 5->6->3 MB, 6 MB goal, 0 MB stacks, 0 MB globals, 24 P
gc 20 @0.107s 2%: 0.041+0.34+0.004 ms clock, 0.99+0.032/1.4/0.58+0.11 ms cpu, 6->6->3 MB, 6 MB goal, 0 MB stacks, 0 MB globals, 24 P
gc 21 @0.110s 2%: 0.020+0.60+0.005 ms clock, 0.49+0.024/1.7/0.30+0.12 ms cpu, 5->5->3 MB, 6 MB goal, 0 MB stacks, 0 MB globals, 24 P
gc 22 @0.115s 2%: 0.032+0.60+0.006 ms clock, 0.76+0.053/1.7/0.36+0.15 ms cpu, 5->5->2 MB, 6 MB goal, 0 MB stacks, 0 MB globals, 24 P
gc 23 @0.119s 2%: 0.016+0.31+0.068 ms clock, 0.40+0.015/1.1/0.64+1.6 ms cpu, 5->5->2 MB, 6 MB goal, 0 MB stacks, 0 MB globals, 24 P
gc 24 @0.128s 2%: 0.021+0.39+0.008 ms clock, 0.51+0.028/1.4/0.77+0.19 ms cpu, 5->5->2 MB, 5 MB goal, 0 MB stacks, 0 MB globals, 24 P
# gocache/bench/gctrace
gc 1 @0.004s 1%: 0.17+0.37+0.025 ms clock, 4.3+0/0.82/0.028+0.61 ms cpu, 3->4->3 MB, 4 MB goal, 0 MB stacks, 0 MB globals, 24 P
gc 2 @0.010s 1%: 0.024+0.35+0.013 ms clock, 0.59+0/1.1/0.28+0.32 ms cpu, 6->7->6 MB, 7 MB goal, 0 MB stacks, 0 MB globals, 24 P
gc 3 @0.024s 0%: 0.037+0.37+0.020 ms clock, 0.90+0.048/1.2/0.40+0.49 ms cpu, 12->13->11 MB, 13 MB goal, 0 MB stacks, 0 MB globals, 24 P
gc 4 @0.121s 0%: 0.039+0.46+0.014 ms clock, 0.95+0.021/1.5/0.26+0.34 ms cpu, 23->23->12 MB, 23 MB goal, 0 MB stacks, 0 MB globals, 24 P
gc 1 @0.000s 3%: 0.17+0.14+0.004 ms clock, 4.2+0/0.17/0.075+0.10 ms cpu, 2->2->2 MB, 4 MB goal, 0 MB stacks, 0 MB globals, 24 P (forced)
gc 2 @0.005s 1%: 0.027+0.51+0.018 ms clock, 0.65+0.019/1.5/0+0.45 ms cpu, 4->4->3 MB, 4 MB goal, 0 MB stacks, 0 MB globals, 24 P
gc 3 @0.009s 2%: 0.029+0.36+0.006 ms clock, 0.69+0.015/1.6/0.91+0.14 ms cpu, 6->7->5 MB, 6 MB goal, 0 MB stacks, 0 MB globals, 24 P
gc 4 @0.017s 1%: 0.021+0.63+0.025 ms clock, 0.52+0.026/2.8/1.9+0.60 ms cpu, 11->11->9 MB, 11 MB goal, 0 MB stacks, 0 MB globals, 24 P
gc 5 @0.030s 1%: 0.017+0.96+0.013 ms clock, 0.41+0/3.2/2.1+0.32 ms cpu, 19->19->15 MB, 19 MB goal, 0 MB stacks, 0 MB globals, 24 P
gc 6 @0.071s 1%: 0.032+1.6+0.006 ms clock, 0.76+0.56/7.4/4.1+0.16 ms cpu, 29->29->24 MB, 30 MB goal, 0 MB stacks, 0 MB globals, 24 P
gc 7 @0.138s 1%: 0.039+2.1+0.026 ms clock, 0.95+0.98/11/17+0.64 ms cpu, 47->48->41 MB, 49 MB goal, 0 MB stacks, 0 MB globals, 24 P
gc 8 @0.222s 1%: 0.027+5.0+0.020 ms clock, 0.66+0.041/26/17+0.48 ms cpu, 81->83->67 MB, 83 MB goal, 0 MB stacks, 0 MB globals, 24 P
gc 9 @0.375s 1%: 0.030+5.9+0.016 ms clock, 0.72+0/32/39+0.39 ms cpu, 130->131->106 MB, 134 MB goal, 0 MB stacks, 0 MB globals, 24 P
gc 10 @0.729s 0%: 0.029+10+0.010 ms clock, 0.70+0/56/72+0.24 ms cpu, 205->207->176 MB, 212 MB goal, 0 MB stacks, 0 MB globals, 24 P
gc 11 @0.907s 0%: 0.031+10+0.012 ms clock, 0.75+0/56/67+0.29 ms cpu, 277->277->230 MB, 353 MB goal, 0 MB stacks, 0 MB globals, 24 P (forced)
gc 12 @1.419s 0%: 0.045+9.8+0.007 ms clock, 1.0+0/51/47+0.17 ms cpu, 230->230->230 MB, 461 MB goal, 0 MB stacks, 0 MB globals, 24 P (forced)
gc 25 @1.837s 0%: 0.048+0.57+0.010 ms clock, 1.1+0.047/2.0/0.60+0.24 ms cpu, 5->5->2 MB, 5 MB goal, 0 MB stacks, 0 MB globals, 24 P
gc 26 @1.932s 0%: 0.036+0.55+0.008 ms clock, 0.87+0.055/2.1/0.54+0.21 ms cpu, 5->5->2 MB, 5 MB goal, 0 MB stacks, 0 MB globals, 24 P
gc 27 @2.024s 0%: 0.037+0.54+0.016 ms clock, 0.90+0.10/2.1/0.83+0.39 ms cpu, 5->5->2 MB, 5 MB goal, 0 MB stacks, 0 MB globals, 24 P
gc 28 @2.120s 0%: 0.079+0.80+0.010 ms clock, 1.9+0.068/3.0/0.17+0.24 ms cpu, 5->5->2 MB, 5 MB goal, 0 MB stacks, 0 MB globals, 24 P
gc 29 @2.229s 0%: 0.051+0.62+0.007 ms clock, 1.2+0.038/2.2/0.78+0.17 ms cpu, 5->5->2 MB, 5 MB goal, 0 MB stacks, 0 MB globals, 24 P
gc 30 @2.336s 0%: 0.040+0.56+0.007 ms clock, 0.98+0.041/2.0/0.67+0.17 ms cpu, 5->5->2 MB, 5 MB goal, 0 MB stacks, 0 MB globals, 24 P
gc 31 @2.445s 0%: 0.049+0.54+0.007 ms clock, 1.1+0.049/2.0/0.78+0.18 ms cpu, 5->5->2 MB, 5 MB goal, 0 MB stacks, 0 MB globals, 24 P
