gc 1 @0.003s 5%: 0.18+0.52+0.10 ms clock, 4.3+0.53/1.0/0.066+2.5 ms cpu, 4->5->1 MB, 4 MB goal, 0 MB stacks, 0 MB globals, 24 P
gc 2 @0.004s 7%: 0.11+0.36+0.090 ms clock, 2.8+0.25/0.79/0.028+2.1 ms cpu, 3->4->1 MB, 4 MB goal, 0 MB stacks, 0 MB globals, 24 P
gc 3 @0.005s 8%: 0.082+0.37+0.077 ms clock, 1.9+0.29/0.96/0.009+1.8 ms cpu, 3->4->1 MB, 4 MB goal, 0 MB stacks, 0 MB globals, 24 P
gc 4 @0.006s 8%: 0.099+0.32+0.025 ms clock, 2.3+0.14/0.77/0+0.60 ms cpu, 3->4->1 MB, 4 MB goal, 0 MB stacks, 0 MB globals, 24 P
gc 5 @0.008s 7%: 0.022+0.23+0.007 ms clock, 0.52+0.032/0.79/0.13+0.17 ms cpu, 3->3->1 MB, 4 MB goal, 0 MB stacks, 0 MB globals, 24 P
gc 6 @0.008s 7%: 0.021+0.26+0.021 ms clock, 0.50+0.015/0.81/0.13+0.51 ms cpu, 3->3->1 MB, 4 MB goal, 0 MB stacks, 0 MB globals, 24 P
gc 7 @0.009s 8%: 0.099+0.58+0.074 ms clock, 2.3+0.58/1.3/0+1.7 ms cpu, 3->4->2 MB, 4 MB goal, 0 MB stacks, 0 MB globals, 24 P
gc 8 @0.010s 9%: 0.085+0.33+0.021 ms clock, 2.0+0.11/1.1/0.15+0.50 ms cpu, 3->4->2 MB, 4 MB goal, 0 MB stacks, 0 MB globals, 24 P
gc 9 @0.011s 9%: 0.067+0.43+0.021 ms clock, 1.6+0.34/1.5/0.10+0.52 ms cpu, 3->4->2 MB, 4 MB goal, 0 MB stacks, 0 MB globals, 24 P
gc 10 @0.014s 8%: 0.035+0.29+0.005 ms clock, 0.85+0/1.3/0.85+0.12 ms cpu, 4->4->2 MB, 5 MB goal, 0 MB stacks, 0 MB globals, 24 P
gc 11 @0.017s 7%: 0.087+0.49+0.007 ms clock, 2.0+0.60/1.5/0.12+0.17 ms cpu, 4->6->3 MB, 5 MB goal, 0 MB stacks, 0 MB globals, 24 P
gc 12 @0.018s 7%: 0.087+0.44+0.008 ms clock, 2.0+0.18/1.5/0.62+0.20 ms cpu, 6->7->3 MB, 7 MB goal, 0 MB stacks, 0 MB globals, 24 P
gc 13 @0.020s 8%: 0.068+0.40+0.020 ms clock, 1.6+0.078/1.5/0.40+0.48 ms cpu, 6->7->3 MB, 7 MB goal, 0 MB stacks, 0 MB globals, 24 P
gc 14 @0.022s 7%: 0.021+0.31+0.024 ms clock, 0.51+0/1.3/0.63+0.59 ms cpu, 5->5->2 MB, 6 MB goal, 0 MB stacks, 0 MB globals, 24 P
gc 15 @0.023s 7%: 0.024+0.31+0.014 ms clock, 0.57+0.030/1.1/0.87+0.35 ms cpu, 4->5->2 MB, 5 MB goal, 0 MB stacks, 0 MB globals, 24 P
gc 16 @0.025s 7%: 0.049+0.47+0.009 ms clock, 1.1+0.15/1.5/0.12+0.22 ms cpu, 5->6->3 MB, 6 MB goal, 0 MB stacks, 0 MB globals, 24 P
gc 17 @0.026s 9%: 0.83+0.46+0.006 ms clock, 20+0.30/1.4/0.17+0.15 ms cpu, 5->6->3 MB, 6 MB goal, 0 MB stacks, 0 MB globals, 24 P
gc 18 @0.028s 9%: 0.034+0.31+0.028 ms clock, 0.83+0.23/1.3/0.43+0.67 ms cpu, 6->7->3 MB, 7 MB goal, 0 MB stacks, 0 MB globals, 24 P
gc 19 @0.029s 9%: 0.035+0.39+0.023 ms clock, 0.84+0.030/1.4/0.16+0.56 ms cpu, 6->7->3 MB, 7 MB goal, 0 MB stacks, 0 MB globals, 24 P
gc 20 @0.030s 9%: 0.017+0.32+0.004 ms clock, 0.40+0.043/1.4/0.28+0.10 ms cpu, 6->7->3 MB, 7 MB goal, 0 MB stacks, 0 MB globals, 24 P
# gocache/bench/gctrace
gc 1 @0.001s 4%: 0.15+0.21+0.028 ms clock, 3.7+0/0.61/0.041+0.68 ms cpu, 3->4->3 MB, 4 MB goal, 0 MB stacks, 0 MB globals, 24 P
gc 2 @0.003s 3%: 0.017+0.15+0.006 ms clock, 0.42+0.023/0.68/0.13+0.14 ms cpu, 6->7->6 MB, 7 MB goal, 0 MB stacks, 0 MB globals, 24 P
gc 3 @0.007s 2%: 0.015+0.29+0.013 ms clock, 0.38+0/0.79/0.13+0.32 ms cpu, 12->13->11 MB, 13 MB goal, 0 MB stacks, 0 MB globals, 24 P
gc 4 @0.050s 0%: 0.028+0.45+0.019 ms clock, 0.67+0/1.7/0.79+0.46 ms cpu, 23->23->12 MB, 23 MB goal, 0 MB stacks, 0 MB globals, 24 P
gc 21 @0.034s 8%: 0.015+0.41+0.017 ms clock, 0.37+0.023/1.2/0.41+0.42 ms cpu, 5->5->2 MB, 6 MB goal, 0 MB stacks, 0 MB globals, 24 P
gc 1 @0.000s 5%: 0.15+0.14+0.008 ms clock, 3.8+0/0.31/0.055+0.21 ms cpu, 1->2->1 MB, 4 MB goal, 0 MB stacks, 0 MB globals, 24 P (forced)
gc 2 @0.004s 2%: 0.026+0.47+0.009 ms clock, 0.62+0.030/1.5/0.016+0.23 ms cpu, 3->4->3 MB, 4 MB goal, 0 MB stacks, 0 MB globals, 24 P
gc 3 @0.009s 2%: 0.020+0.65+0.017 ms clock, 0.49+0.028/2.0/0.58+0.41 ms cpu, 6->7->6 MB, 7 MB goal, 0 MB stacks, 0 MB globals, 24 P
gc 4 @0.017s 2%: 0.022+1.9+0.015 ms clock, 0.53+0/5.6/2.6+0.38 ms cpu, 12->13->11 MB, 12 MB goal, 0 MB stacks, 0 MB globals, 24 P
gc 5 @0.034s 2%: 0.017+1.3+0.016 ms clock, 0.41+0.056/6.8/10+0.40 ms cpu, 22->22->20 MB, 23 MB goal, 0 MB stacks, 0 MB globals, 24 P
gc 6 @0.061s 2%: 0.028+2.3+0.017 ms clock, 0.68+0/12/18+0.41 ms cpu, 37->38->35 MB, 40 MB goal, 0 MB stacks, 0 MB globals, 24 P
gc 7 @0.109s 2%: 0.027+4.1+0.033 ms clock, 0.66+0.030/22/44+0.80 ms cpu, 66->67->61 MB, 70 MB goal, 0 MB stacks, 0 MB globals, 24 P
gc 8 @0.194s 1%: 0.028+6.1+0.020 ms clock, 0.68+0.044/34/82+0.50 ms cpu, 115->117->105 MB, 123 MB goal, 0 MB stacks, 0 MB globals, 24 P
gc 9 @0.348s 1%: 0.029+11+0.011 ms clock, 0.70+0.043/63/171+0.28 ms cpu, 196->199->175 MB, 210 MB goal, 0 MB stacks, 0 MB globals, 24 P
gc 10 @0.652s 1%: 0.027+21+0.010 ms clock, 0.66+0/126/345+0.25 ms cpu, 331->335->298 MB, 351 MB goal, 0 MB stacks, 0 MB globals, 24 P
gc 11 @0.717s 2%: 0.023+18+0.007 ms clock, 0.56+0/109/306+0.16 ms cpu, 327->327->317 MB, 597 MB goal, 0 MB stacks, 0 MB globals, 24 P (forced)
gc 12 @1.243s 1%: 0.037+22+0.008 ms clock, 0.90+0/130/341+0.19 ms cpu, 318->318->317 MB, 636 MB goal, 0 MB stacks, 0 MB globals, 24 P (forced)
